#-----------------------------------------------------------
# Vivado v2023.2 (64-bit)
# SW Build 4029153 on Fri Oct 13 20:13:54 MDT 2023
# IP Build 4028589 on Sat Oct 14 00:45:43 MDT 2023
# SharedData Build 4025554 on Tue Oct 10 17:18:54 MDT 2023
# Start of session at: Thu Oct  9 05:36:34 2025
# Process ID: 738364
# Current directory: /home/isf9/ultra96-practice/build_vivado/simple_base_project/simple_base_project.runs/design_1_rst_ps8_0_99M_1_synth_1
# Command line: vivado -log design_1_rst_ps8_0_99M_1.vds -product Vivado -mode batch -messageDb vivado.pb -notrace -source design_1_rst_ps8_0_99M_1.tcl
# Log file: /home/isf9/ultra96-practice/build_vivado/simple_base_project/simple_base_project.runs/design_1_rst_ps8_0_99M_1_synth_1/design_1_rst_ps8_0_99M_1.vds
# Journal file: /home/isf9/ultra96-practice/build_vivado/simple_base_project/simple_base_project.runs/design_1_rst_ps8_0_99M_1_synth_1/vivado.jou
# Running On: brg-zhang-xcel.ece.cornell.edu, OS: Linux, CPU Frequency: 3200.000 MHz, CPU Physical cores: 22, Host memory: 235732 MB
#-----------------------------------------------------------
source design_1_rst_ps8_0_99M_1.tcl -notrace
